0 verbose cli C:\Program Files\nodejs\node.exe C:\Program Files\nodejs\node_modules\npm\bin\npm-cli.js
1 info using npm@10.9.3
2 info using node@v22.18.0
3 silly config load:file:C:\Program Files\nodejs\node_modules\npm\npmrc
4 silly config load:file:C:\Users\Ashwin\Downloads\softclinch_website--main (2)\softclinch_website--main\.npmrc
5 silly config load:file:C:\Users\Ashwin\.npmrc
6 silly config load:file:C:\Users\Ashwin\AppData\Roaming\npm\etc\npmrc
7 verbose title npm ci
8 verbose argv "ci" "--cache" ".npm-cache" "--no-audit" "--no-fund"
9 verbose logfile logs-max:10 dir:C:\Users\Ashwin\Downloads\softclinch_website--main (2)\softclinch_website--main\.npm-cache\_logs\2026-04-01T05_30_31_203Z-
10 verbose logfile C:\Users\Ashwin\Downloads\softclinch_website--main (2)\softclinch_website--main\.npm-cache\_logs\2026-04-01T05_30_31_203Z-debug-0.log
11 silly logfile done cleaning log files
12 silly packumentCache heap:2197815296 maxSize:549453824 maxEntrySize:274726912
13 silly idealTree buildDeps
14 silly reify moves {}
15 verbose reify failed optional dependency C:\Users\Ashwin\Downloads\softclinch_website--main (2)\softclinch_website--main\node_modules\@tailwindcss\oxide-wasm32-wasi
16 silly reify mark deleted [
16 silly reify   'C:\\Users\\Ashwin\\Downloads\\softclinch_website--main (2)\\softclinch_website--main\\node_modules\\@tailwindcss\\oxide-wasm32-wasi'
16 silly reify ]
17 verbose reify failed optional dependency C:\Users\Ashwin\Downloads\softclinch_website--main (2)\softclinch_website--main\node_modules\lightningcss-win32-arm64-msvc
18 silly reify mark deleted [
18 silly reify   'C:\\Users\\Ashwin\\Downloads\\softclinch_website--main (2)\\softclinch_website--main\\node_modules\\lightningcss-win32-arm64-msvc'
18 silly reify ]
19 verbose reify failed optional dependency C:\Users\Ashwin\Downloads\softclinch_website--main (2)\softclinch_website--main\node_modules\lightningcss-linux-x64-musl
20 silly reify mark deleted [
20 silly reify   'C:\\Users\\Ashwin\\Downloads\\softclinch_website--main (2)\\softclinch_website--main\\node_modules\\lightningcss-linux-x64-musl'
20 silly reify ]
21 verbose reify failed optional dependency C:\Users\Ashwin\Downloads\softclinch_website--main (2)\softclinch_website--main\node_modules\lightningcss-linux-x64-gnu
22 silly reify mark deleted [
22 silly reify   'C:\\Users\\Ashwin\\Downloads\\softclinch_website--main (2)\\softclinch_website--main\\node_modules\\lightningcss-linux-x64-gnu'
22 silly reify ]
23 verbose reify failed optional dependency C:\Users\Ashwin\Downloads\softclinch_website--main (2)\softclinch_website--main\node_modules\lightningcss-linux-arm64-musl
24 silly reify mark deleted [
24 silly reify   'C:\\Users\\Ashwin\\Downloads\\softclinch_website--main (2)\\softclinch_website--main\\node_modules\\lightningcss-linux-arm64-musl'
24 silly reify ]
25 verbose reify failed optional dependency C:\Users\Ashwin\Downloads\softclinch_website--main (2)\softclinch_website--main\node_modules\lightningcss-linux-arm64-gnu
26 silly reify mark deleted [
26 silly reify   'C:\\Users\\Ashwin\\Downloads\\softclinch_website--main (2)\\softclinch_website--main\\node_modules\\lightningcss-linux-arm64-gnu'
26 silly reify ]
27 verbose reify failed optional dependency C:\Users\Ashwin\Downloads\softclinch_website--main (2)\softclinch_website--main\node_modules\lightningcss-linux-arm-gnueabihf
28 silly reify mark deleted [
28 silly reify   'C:\\Users\\Ashwin\\Downloads\\softclinch_website--main (2)\\softclinch_website--main\\node_modules\\lightningcss-linux-arm-gnueabihf'
28 silly reify ]
29 verbose reify failed optional dependency C:\Users\Ashwin\Downloads\softclinch_website--main (2)\softclinch_website--main\node_modules\lightningcss-freebsd-x64
30 silly reify mark deleted [
30 silly reify   'C:\\Users\\Ashwin\\Downloads\\softclinch_website--main (2)\\softclinch_website--main\\node_modules\\lightningcss-freebsd-x64'
30 silly reify ]
31 verbose reify failed optional dependency C:\Users\Ashwin\Downloads\softclinch_website--main (2)\softclinch_website--main\node_modules\lightningcss-darwin-x64
32 silly reify mark deleted [
32 silly reify   'C:\\Users\\Ashwin\\Downloads\\softclinch_website--main (2)\\softclinch_website--main\\node_modules\\lightningcss-darwin-x64'
32 silly reify ]
33 verbose reify failed optional dependency C:\Users\Ashwin\Downloads\softclinch_website--main (2)\softclinch_website--main\node_modules\lightningcss-darwin-arm64
34 silly reify mark deleted [
34 silly reify   'C:\\Users\\Ashwin\\Downloads\\softclinch_website--main (2)\\softclinch_website--main\\node_modules\\lightningcss-darwin-arm64'
34 silly reify ]
35 verbose reify failed optional dependency C:\Users\Ashwin\Downloads\softclinch_website--main (2)\softclinch_website--main\node_modules\lightningcss-android-arm64
36 silly reify mark deleted [
36 silly reify   'C:\\Users\\Ashwin\\Downloads\\softclinch_website--main (2)\\softclinch_website--main\\node_modules\\lightningcss-android-arm64'
36 silly reify ]
37 verbose reify failed optional dependency C:\Users\Ashwin\Downloads\softclinch_website--main (2)\softclinch_website--main\node_modules\@unrs\resolver-binding-win32-ia32-msvc
38 silly reify mark deleted [
38 silly reify   'C:\\Users\\Ashwin\\Downloads\\softclinch_website--main (2)\\softclinch_website--main\\node_modules\\@unrs\\resolver-binding-win32-ia32-msvc'
38 silly reify ]
39 verbose reify failed optional dependency C:\Users\Ashwin\Downloads\softclinch_website--main (2)\softclinch_website--main\node_modules\@unrs\resolver-binding-win32-arm64-msvc
40 silly reify mark deleted [
40 silly reify   'C:\\Users\\Ashwin\\Downloads\\softclinch_website--main (2)\\softclinch_website--main\\node_modules\\@unrs\\resolver-binding-win32-arm64-msvc'
40 silly reify ]
41 verbose reify failed optional dependency C:\Users\Ashwin\Downloads\softclinch_website--main (2)\softclinch_website--main\node_modules\@unrs\resolver-binding-wasm32-wasi
42 silly reify mark deleted [
42 silly reify   'C:\\Users\\Ashwin\\Downloads\\softclinch_website--main (2)\\softclinch_website--main\\node_modules\\@unrs\\resolver-binding-wasm32-wasi'
42 silly reify ]
43 verbose reify failed optional dependency C:\Users\Ashwin\Downloads\softclinch_website--main (2)\softclinch_website--main\node_modules\@unrs\resolver-binding-linux-x64-musl
44 silly reify mark deleted [
44 silly reify   'C:\\Users\\Ashwin\\Downloads\\softclinch_website--main (2)\\softclinch_website--main\\node_modules\\@unrs\\resolver-binding-linux-x64-musl'
44 silly reify ]
45 verbose reify failed optional dependency C:\Users\Ashwin\Downloads\softclinch_website--main (2)\softclinch_website--main\node_modules\@unrs\resolver-binding-linux-x64-gnu
46 silly reify mark deleted [
46 silly reify   'C:\\Users\\Ashwin\\Downloads\\softclinch_website--main (2)\\softclinch_website--main\\node_modules\\@unrs\\resolver-binding-linux-x64-gnu'
46 silly reify ]
47 verbose reify failed optional dependency C:\Users\Ashwin\Downloads\softclinch_website--main (2)\softclinch_website--main\node_modules\@unrs\resolver-binding-linux-s390x-gnu
48 silly reify mark deleted [
48 silly reify   'C:\\Users\\Ashwin\\Downloads\\softclinch_website--main (2)\\softclinch_website--main\\node_modules\\@unrs\\resolver-binding-linux-s390x-gnu'
48 silly reify ]
49 verbose reify failed optional dependency C:\Users\Ashwin\Downloads\softclinch_website--main (2)\softclinch_website--main\node_modules\@unrs\resolver-binding-linux-riscv64-musl
50 silly reify mark deleted [
50 silly reify   'C:\\Users\\Ashwin\\Downloads\\softclinch_website--main (2)\\softclinch_website--main\\node_modules\\@unrs\\resolver-binding-linux-riscv64-musl'
50 silly reify ]
51 verbose reify failed optional dependency C:\Users\Ashwin\Downloads\softclinch_website--main (2)\softclinch_website--main\node_modules\@unrs\resolver-binding-linux-riscv64-gnu
52 silly reify mark deleted [
52 silly reify   'C:\\Users\\Ashwin\\Downloads\\softclinch_website--main (2)\\softclinch_website--main\\node_modules\\@unrs\\resolver-binding-linux-riscv64-gnu'
52 silly reify ]
53 verbose reify failed optional dependency C:\Users\Ashwin\Downloads\softclinch_website--main (2)\softclinch_website--main\node_modules\@unrs\resolver-binding-linux-ppc64-gnu
54 silly reify mark deleted [
54 silly reify   'C:\\Users\\Ashwin\\Downloads\\softclinch_website--main (2)\\softclinch_website--main\\node_modules\\@unrs\\resolver-binding-linux-ppc64-gnu'
54 silly reify ]
55 verbose reify failed optional dependency C:\Users\Ashwin\Downloads\softclinch_website--main (2)\softclinch_website--main\node_modules\@unrs\resolver-binding-linux-arm64-musl
56 silly reify mark deleted [
56 silly reify   'C:\\Users\\Ashwin\\Downloads\\softclinch_website--main (2)\\softclinch_website--main\\node_modules\\@unrs\\resolver-binding-linux-arm64-musl'
56 silly reify ]
57 verbose reify failed optional dependency C:\Users\Ashwin\Downloads\softclinch_website--main (2)\softclinch_website--main\node_modules\@unrs\resolver-binding-linux-arm64-gnu
58 silly reify mark deleted [
58 silly reify   'C:\\Users\\Ashwin\\Downloads\\softclinch_website--main (2)\\softclinch_website--main\\node_modules\\@unrs\\resolver-binding-linux-arm64-gnu'
58 silly reify ]
59 verbose reify failed optional dependency C:\Users\Ashwin\Downloads\softclinch_website--main (2)\softclinch_website--main\node_modules\@unrs\resolver-binding-linux-arm-musleabihf
60 silly reify mark deleted [
60 silly reify   'C:\\Users\\Ashwin\\Downloads\\softclinch_website--main (2)\\softclinch_website--main\\node_modules\\@unrs\\resolver-binding-linux-arm-musleabihf'
60 silly reify ]
61 verbose reify failed optional dependency C:\Users\Ashwin\Downloads\softclinch_website--main (2)\softclinch_website--main\node_modules\@unrs\resolver-binding-linux-arm-gnueabihf
62 silly reify mark deleted [
62 silly reify   'C:\\Users\\Ashwin\\Downloads\\softclinch_website--main (2)\\softclinch_website--main\\node_modules\\@unrs\\resolver-binding-linux-arm-gnueabihf'
62 silly reify ]
63 verbose reify failed optional dependency C:\Users\Ashwin\Downloads\softclinch_website--main (2)\softclinch_website--main\node_modules\@unrs\resolver-binding-freebsd-x64
64 silly reify mark deleted [
64 silly reify   'C:\\Users\\Ashwin\\Downloads\\softclinch_website--main (2)\\softclinch_website--main\\node_modules\\@unrs\\resolver-binding-freebsd-x64'
64 silly reify ]
65 verbose reify failed optional dependency C:\Users\Ashwin\Downloads\softclinch_website--main (2)\softclinch_website--main\node_modules\@unrs\resolver-binding-darwin-x64
66 silly reify mark deleted [
66 silly reify   'C:\\Users\\Ashwin\\Downloads\\softclinch_website--main (2)\\softclinch_website--main\\node_modules\\@unrs\\resolver-binding-darwin-x64'
66 silly reify ]
67 verbose reify failed optional dependency C:\Users\Ashwin\Downloads\softclinch_website--main (2)\softclinch_website--main\node_modules\@unrs\resolver-binding-darwin-arm64
68 silly reify mark deleted [
68 silly reify   'C:\\Users\\Ashwin\\Downloads\\softclinch_website--main (2)\\softclinch_website--main\\node_modules\\@unrs\\resolver-binding-darwin-arm64'
68 silly reify ]
69 verbose reify failed optional dependency C:\Users\Ashwin\Downloads\softclinch_website--main (2)\softclinch_website--main\node_modules\@unrs\resolver-binding-android-arm64
70 silly reify mark deleted [
70 silly reify   'C:\\Users\\Ashwin\\Downloads\\softclinch_website--main (2)\\softclinch_website--main\\node_modules\\@unrs\\resolver-binding-android-arm64'
70 silly reify ]
71 verbose reify failed optional dependency C:\Users\Ashwin\Downloads\softclinch_website--main (2)\softclinch_website--main\node_modules\@unrs\resolver-binding-android-arm-eabi
72 silly reify mark deleted [
72 silly reify   'C:\\Users\\Ashwin\\Downloads\\softclinch_website--main (2)\\softclinch_website--main\\node_modules\\@unrs\\resolver-binding-android-arm-eabi'
72 silly reify ]
73 verbose reify failed optional dependency C:\Users\Ashwin\Downloads\softclinch_website--main (2)\softclinch_website--main\node_modules\@tailwindcss\oxide-win32-arm64-msvc
74 silly reify mark deleted [
74 silly reify   'C:\\Users\\Ashwin\\Downloads\\softclinch_website--main (2)\\softclinch_website--main\\node_modules\\@tailwindcss\\oxide-win32-arm64-msvc'
74 silly reify ]
75 verbose reify failed optional dependency C:\Users\Ashwin\Downloads\softclinch_website--main (2)\softclinch_website--main\node_modules\@tailwindcss\oxide-linux-x64-musl
76 silly reify mark deleted [
76 silly reify   'C:\\Users\\Ashwin\\Downloads\\softclinch_website--main (2)\\softclinch_website--main\\node_modules\\@tailwindcss\\oxide-linux-x64-musl'
76 silly reify ]
77 verbose reify failed optional dependency C:\Users\Ashwin\Downloads\softclinch_website--main (2)\softclinch_website--main\node_modules\@tailwindcss\oxide-linux-x64-gnu
78 silly reify mark deleted [
78 silly reify   'C:\\Users\\Ashwin\\Downloads\\softclinch_website--main (2)\\softclinch_website--main\\node_modules\\@tailwindcss\\oxide-linux-x64-gnu'
78 silly reify ]
79 verbose reify failed optional dependency C:\Users\Ashwin\Downloads\softclinch_website--main (2)\softclinch_website--main\node_modules\@tailwindcss\oxide-linux-arm64-musl
80 silly reify mark deleted [
80 silly reify   'C:\\Users\\Ashwin\\Downloads\\softclinch_website--main (2)\\softclinch_website--main\\node_modules\\@tailwindcss\\oxide-linux-arm64-musl'
80 silly reify ]
81 verbose reify failed optional dependency C:\Users\Ashwin\Downloads\softclinch_website--main (2)\softclinch_website--main\node_modules\@tailwindcss\oxide-linux-arm64-gnu
82 silly reify mark deleted [
82 silly reify   'C:\\Users\\Ashwin\\Downloads\\softclinch_website--main (2)\\softclinch_website--main\\node_modules\\@tailwindcss\\oxide-linux-arm64-gnu'
82 silly reify ]
83 verbose reify failed optional dependency C:\Users\Ashwin\Downloads\softclinch_website--main (2)\softclinch_website--main\node_modules\@tailwindcss\oxide-linux-arm-gnueabihf
84 silly reify mark deleted [
84 silly reify   'C:\\Users\\Ashwin\\Downloads\\softclinch_website--main (2)\\softclinch_website--main\\node_modules\\@tailwindcss\\oxide-linux-arm-gnueabihf'
84 silly reify ]
85 verbose reify failed optional dependency C:\Users\Ashwin\Downloads\softclinch_website--main (2)\softclinch_website--main\node_modules\@tailwindcss\oxide-freebsd-x64
86 silly reify mark deleted [
86 silly reify   'C:\\Users\\Ashwin\\Downloads\\softclinch_website--main (2)\\softclinch_website--main\\node_modules\\@tailwindcss\\oxide-freebsd-x64'
86 silly reify ]
87 verbose reify failed optional dependency C:\Users\Ashwin\Downloads\softclinch_website--main (2)\softclinch_website--main\node_modules\@tailwindcss\oxide-darwin-x64
88 silly reify mark deleted [
88 silly reify   'C:\\Users\\Ashwin\\Downloads\\softclinch_website--main (2)\\softclinch_website--main\\node_modules\\@tailwindcss\\oxide-darwin-x64'
88 silly reify ]
89 verbose reify failed optional dependency C:\Users\Ashwin\Downloads\softclinch_website--main (2)\softclinch_website--main\node_modules\@tailwindcss\oxide-darwin-arm64
90 silly reify mark deleted [
90 silly reify   'C:\\Users\\Ashwin\\Downloads\\softclinch_website--main (2)\\softclinch_website--main\\node_modules\\@tailwindcss\\oxide-darwin-arm64'
90 silly reify ]
91 verbose reify failed optional dependency C:\Users\Ashwin\Downloads\softclinch_website--main (2)\softclinch_website--main\node_modules\@tailwindcss\oxide-android-arm64
92 silly reify mark deleted [
92 silly reify   'C:\\Users\\Ashwin\\Downloads\\softclinch_website--main (2)\\softclinch_website--main\\node_modules\\@tailwindcss\\oxide-android-arm64'
92 silly reify ]
93 verbose reify failed optional dependency C:\Users\Ashwin\Downloads\softclinch_website--main (2)\softclinch_website--main\node_modules\@next\swc-win32-arm64-msvc
94 silly reify mark deleted [
94 silly reify   'C:\\Users\\Ashwin\\Downloads\\softclinch_website--main (2)\\softclinch_website--main\\node_modules\\@next\\swc-win32-arm64-msvc'
94 silly reify ]
95 verbose reify failed optional dependency C:\Users\Ashwin\Downloads\softclinch_website--main (2)\softclinch_website--main\node_modules\@next\swc-linux-x64-musl
96 silly reify mark deleted [
96 silly reify   'C:\\Users\\Ashwin\\Downloads\\softclinch_website--main (2)\\softclinch_website--main\\node_modules\\@next\\swc-linux-x64-musl'
96 silly reify ]
97 verbose reify failed optional dependency C:\Users\Ashwin\Downloads\softclinch_website--main (2)\softclinch_website--main\node_modules\@next\swc-linux-x64-gnu
98 silly reify mark deleted [
98 silly reify   'C:\\Users\\Ashwin\\Downloads\\softclinch_website--main (2)\\softclinch_website--main\\node_modules\\@next\\swc-linux-x64-gnu'
98 silly reify ]
99 verbose reify failed optional dependency C:\Users\Ashwin\Downloads\softclinch_website--main (2)\softclinch_website--main\node_modules\@next\swc-linux-arm64-musl
100 silly reify mark deleted [
100 silly reify   'C:\\Users\\Ashwin\\Downloads\\softclinch_website--main (2)\\softclinch_website--main\\node_modules\\@next\\swc-linux-arm64-musl'
100 silly reify ]
101 verbose reify failed optional dependency C:\Users\Ashwin\Downloads\softclinch_website--main (2)\softclinch_website--main\node_modules\@next\swc-linux-arm64-gnu
102 silly reify mark deleted [
102 silly reify   'C:\\Users\\Ashwin\\Downloads\\softclinch_website--main (2)\\softclinch_website--main\\node_modules\\@next\\swc-linux-arm64-gnu'
102 silly reify ]
103 verbose reify failed optional dependency C:\Users\Ashwin\Downloads\softclinch_website--main (2)\softclinch_website--main\node_modules\@next\swc-darwin-x64
104 silly reify mark deleted [
104 silly reify   'C:\\Users\\Ashwin\\Downloads\\softclinch_website--main (2)\\softclinch_website--main\\node_modules\\@next\\swc-darwin-x64'
104 silly reify ]
105 verbose reify failed optional dependency C:\Users\Ashwin\Downloads\softclinch_website--main (2)\softclinch_website--main\node_modules\@next\swc-darwin-arm64
106 silly reify mark deleted [
106 silly reify   'C:\\Users\\Ashwin\\Downloads\\softclinch_website--main (2)\\softclinch_website--main\\node_modules\\@next\\swc-darwin-arm64'
106 silly reify ]
107 verbose reify failed optional dependency C:\Users\Ashwin\Downloads\softclinch_website--main (2)\softclinch_website--main\node_modules\@img\sharp-win32-ia32
108 silly reify mark deleted [
108 silly reify   'C:\\Users\\Ashwin\\Downloads\\softclinch_website--main (2)\\softclinch_website--main\\node_modules\\@img\\sharp-win32-ia32'
108 silly reify ]
109 verbose reify failed optional dependency C:\Users\Ashwin\Downloads\softclinch_website--main (2)\softclinch_website--main\node_modules\@img\sharp-win32-arm64
110 silly reify mark deleted [
110 silly reify   'C:\\Users\\Ashwin\\Downloads\\softclinch_website--main (2)\\softclinch_website--main\\node_modules\\@img\\sharp-win32-arm64'
110 silly reify ]
111 verbose reify failed optional dependency C:\Users\Ashwin\Downloads\softclinch_website--main (2)\softclinch_website--main\node_modules\@img\sharp-wasm32
112 silly reify mark deleted [
112 silly reify   'C:\\Users\\Ashwin\\Downloads\\softclinch_website--main (2)\\softclinch_website--main\\node_modules\\@img\\sharp-wasm32'
112 silly reify ]
113 verbose reify failed optional dependency C:\Users\Ashwin\Downloads\softclinch_website--main (2)\softclinch_website--main\node_modules\@img\sharp-linuxmusl-x64
114 silly reify mark deleted [
114 silly reify   'C:\\Users\\Ashwin\\Downloads\\softclinch_website--main (2)\\softclinch_website--main\\node_modules\\@img\\sharp-linuxmusl-x64'
114 silly reify ]
115 verbose reify failed optional dependency C:\Users\Ashwin\Downloads\softclinch_website--main (2)\softclinch_website--main\node_modules\@img\sharp-linuxmusl-arm64
116 silly reify mark deleted [
116 silly reify   'C:\\Users\\Ashwin\\Downloads\\softclinch_website--main (2)\\softclinch_website--main\\node_modules\\@img\\sharp-linuxmusl-arm64'
116 silly reify ]
117 verbose reify failed optional dependency C:\Users\Ashwin\Downloads\softclinch_website--main (2)\softclinch_website--main\node_modules\@img\sharp-linux-x64
118 silly reify mark deleted [
118 silly reify   'C:\\Users\\Ashwin\\Downloads\\softclinch_website--main (2)\\softclinch_website--main\\node_modules\\@img\\sharp-linux-x64'
118 silly reify ]
119 verbose reify failed optional dependency C:\Users\Ashwin\Downloads\softclinch_website--main (2)\softclinch_website--main\node_modules\@img\sharp-linux-s390x
120 silly reify mark deleted [
120 silly reify   'C:\\Users\\Ashwin\\Downloads\\softclinch_website--main (2)\\softclinch_website--main\\node_modules\\@img\\sharp-linux-s390x'
120 silly reify ]
121 verbose reify failed optional dependency C:\Users\Ashwin\Downloads\softclinch_website--main (2)\softclinch_website--main\node_modules\@img\sharp-linux-riscv64
122 silly reify mark deleted [
122 silly reify   'C:\\Users\\Ashwin\\Downloads\\softclinch_website--main (2)\\softclinch_website--main\\node_modules\\@img\\sharp-linux-riscv64'
122 silly reify ]
123 verbose reify failed optional dependency C:\Users\Ashwin\Downloads\softclinch_website--main (2)\softclinch_website--main\node_modules\@img\sharp-linux-ppc64
124 silly reify mark deleted [
124 silly reify   'C:\\Users\\Ashwin\\Downloads\\softclinch_website--main (2)\\softclinch_website--main\\node_modules\\@img\\sharp-linux-ppc64'
124 silly reify ]
125 verbose reify failed optional dependency C:\Users\Ashwin\Downloads\softclinch_website--main (2)\softclinch_website--main\node_modules\@img\sharp-linux-arm64
126 silly reify mark deleted [
126 silly reify   'C:\\Users\\Ashwin\\Downloads\\softclinch_website--main (2)\\softclinch_website--main\\node_modules\\@img\\sharp-linux-arm64'
126 silly reify ]
127 verbose reify failed optional dependency C:\Users\Ashwin\Downloads\softclinch_website--main (2)\softclinch_website--main\node_modules\@img\sharp-linux-arm
128 silly reify mark deleted [
128 silly reify   'C:\\Users\\Ashwin\\Downloads\\softclinch_website--main (2)\\softclinch_website--main\\node_modules\\@img\\sharp-linux-arm'
128 silly reify ]
129 verbose reify failed optional dependency C:\Users\Ashwin\Downloads\softclinch_website--main (2)\softclinch_website--main\node_modules\@img\sharp-libvips-linuxmusl-x64
130 silly reify mark deleted [
130 silly reify   'C:\\Users\\Ashwin\\Downloads\\softclinch_website--main (2)\\softclinch_website--main\\node_modules\\@img\\sharp-libvips-linuxmusl-x64'
130 silly reify ]
131 verbose reify failed optional dependency C:\Users\Ashwin\Downloads\softclinch_website--main (2)\softclinch_website--main\node_modules\@img\sharp-libvips-linuxmusl-arm64
132 silly reify mark deleted [
132 silly reify   'C:\\Users\\Ashwin\\Downloads\\softclinch_website--main (2)\\softclinch_website--main\\node_modules\\@img\\sharp-libvips-linuxmusl-arm64'
132 silly reify ]
133 verbose reify failed optional dependency C:\Users\Ashwin\Downloads\softclinch_website--main (2)\softclinch_website--main\node_modules\@img\sharp-libvips-linux-x64
134 silly reify mark deleted [
134 silly reify   'C:\\Users\\Ashwin\\Downloads\\softclinch_website--main (2)\\softclinch_website--main\\node_modules\\@img\\sharp-libvips-linux-x64'
134 silly reify ]
135 verbose reify failed optional dependency C:\Users\Ashwin\Downloads\softclinch_website--main (2)\softclinch_website--main\node_modules\@img\sharp-libvips-linux-s390x
136 silly reify mark deleted [
136 silly reify   'C:\\Users\\Ashwin\\Downloads\\softclinch_website--main (2)\\softclinch_website--main\\node_modules\\@img\\sharp-libvips-linux-s390x'
136 silly reify ]
137 verbose reify failed optional dependency C:\Users\Ashwin\Downloads\softclinch_website--main (2)\softclinch_website--main\node_modules\@img\sharp-libvips-linux-riscv64
138 silly reify mark deleted [
138 silly reify   'C:\\Users\\Ashwin\\Downloads\\softclinch_website--main (2)\\softclinch_website--main\\node_modules\\@img\\sharp-libvips-linux-riscv64'
138 silly reify ]
139 verbose reify failed optional dependency C:\Users\Ashwin\Downloads\softclinch_website--main (2)\softclinch_website--main\node_modules\@img\sharp-libvips-linux-ppc64
140 silly reify mark deleted [
140 silly reify   'C:\\Users\\Ashwin\\Downloads\\softclinch_website--main (2)\\softclinch_website--main\\node_modules\\@img\\sharp-libvips-linux-ppc64'
140 silly reify ]
141 verbose reify failed optional dependency C:\Users\Ashwin\Downloads\softclinch_website--main (2)\softclinch_website--main\node_modules\@img\sharp-libvips-linux-arm64
142 silly reify mark deleted [
142 silly reify   'C:\\Users\\Ashwin\\Downloads\\softclinch_website--main (2)\\softclinch_website--main\\node_modules\\@img\\sharp-libvips-linux-arm64'
142 silly reify ]
143 verbose reify failed optional dependency C:\Users\Ashwin\Downloads\softclinch_website--main (2)\softclinch_website--main\node_modules\@img\sharp-libvips-linux-arm
144 silly reify mark deleted [
144 silly reify   'C:\\Users\\Ashwin\\Downloads\\softclinch_website--main (2)\\softclinch_website--main\\node_modules\\@img\\sharp-libvips-linux-arm'
144 silly reify ]
145 verbose reify failed optional dependency C:\Users\Ashwin\Downloads\softclinch_website--main (2)\softclinch_website--main\node_modules\@img\sharp-libvips-darwin-x64
146 silly reify mark deleted [
146 silly reify   'C:\\Users\\Ashwin\\Downloads\\softclinch_website--main (2)\\softclinch_website--main\\node_modules\\@img\\sharp-libvips-darwin-x64'
146 silly reify ]
147 verbose reify failed optional dependency C:\Users\Ashwin\Downloads\softclinch_website--main (2)\softclinch_website--main\node_modules\@img\sharp-libvips-darwin-arm64
148 silly reify mark deleted [
148 silly reify   'C:\\Users\\Ashwin\\Downloads\\softclinch_website--main (2)\\softclinch_website--main\\node_modules\\@img\\sharp-libvips-darwin-arm64'
148 silly reify ]
149 verbose reify failed optional dependency C:\Users\Ashwin\Downloads\softclinch_website--main (2)\softclinch_website--main\node_modules\@img\sharp-darwin-x64
150 silly reify mark deleted [
150 silly reify   'C:\\Users\\Ashwin\\Downloads\\softclinch_website--main (2)\\softclinch_website--main\\node_modules\\@img\\sharp-darwin-x64'
150 silly reify ]
151 verbose reify failed optional dependency C:\Users\Ashwin\Downloads\softclinch_website--main (2)\softclinch_website--main\node_modules\@img\sharp-darwin-arm64
152 silly reify mark deleted [
152 silly reify   'C:\\Users\\Ashwin\\Downloads\\softclinch_website--main (2)\\softclinch_website--main\\node_modules\\@img\\sharp-darwin-arm64'
152 silly reify ]
153 http cache zod@https://registry.npmjs.org/zod/-/zod-4.3.6.tgz 2ms (cache hit)
154 http cache zod-validation-error@https://registry.npmjs.org/zod-validation-error/-/zod-validation-error-4.0.2.tgz 0ms (cache hit)
155 http cache yocto-queue@https://registry.npmjs.org/yocto-queue/-/yocto-queue-0.1.0.tgz 0ms (cache hit)
156 http cache word-wrap@https://registry.npmjs.org/word-wrap/-/word-wrap-1.2.5.tgz 0ms (cache hit)
157 http cache yallist@https://registry.npmjs.org/yallist/-/yallist-3.1.1.tgz 0ms (cache hit)
158 http cache which-collection@https://registry.npmjs.org/which-collection/-/which-collection-1.0.2.tgz 0ms (cache hit)
159 http cache which-builtin-type@https://registry.npmjs.org/which-builtin-type/-/which-builtin-type-1.2.1.tgz 0ms (cache hit)
160 http cache which-typed-array@https://registry.npmjs.org/which-typed-array/-/which-typed-array-1.1.20.tgz 0ms (cache hit)
161 http cache which@https://registry.npmjs.org/which/-/which-2.0.2.tgz 0ms (cache hit)
162 http cache which-boxed-primitive@https://registry.npmjs.org/which-boxed-primitive/-/which-boxed-primitive-1.1.1.tgz 1ms (cache hit)
163 http cache uri-js@https://registry.npmjs.org/uri-js/-/uri-js-4.4.1.tgz 0ms (cache hit)
164 http cache update-browserslist-db@https://registry.npmjs.org/update-browserslist-db/-/update-browserslist-db-1.2.3.tgz 0ms (cache hit)
165 http cache unbox-primitive@https://registry.npmjs.org/unbox-primitive/-/unbox-primitive-1.1.0.tgz 0ms (cache hit)
166 http cache typescript-eslint@https://registry.npmjs.org/typescript-eslint/-/typescript-eslint-8.56.0.tgz 0ms (cache hit)
167 http cache undici-types@https://registry.npmjs.org/undici-types/-/undici-types-6.21.0.tgz 0ms (cache hit)
168 http cache unrs-resolver@https://registry.npmjs.org/unrs-resolver/-/unrs-resolver-1.11.1.tgz 0ms (cache hit)
169 http cache typescript@https://registry.npmjs.org/typescript/-/typescript-5.9.3.tgz 0ms (cache hit)
170 http cache typed-array-byte-offset@https://registry.npmjs.org/typed-array-byte-offset/-/typed-array-byte-offset-1.0.4.tgz 0ms (cache hit)
171 http cache typed-array-byte-length@https://registry.npmjs.org/typed-array-byte-length/-/typed-array-byte-length-1.0.3.tgz 0ms (cache hit)
172 http cache tslib@https://registry.npmjs.org/tslib/-/tslib-2.8.1.tgz 0ms (cache hit)
173 http cache typed-array-buffer@https://registry.npmjs.org/typed-array-buffer/-/typed-array-buffer-1.0.3.tgz 0ms (cache hit)
174 http cache type-check@https://registry.npmjs.org/type-check/-/type-check-0.4.0.tgz 0ms (cache hit)
175 http cache tsconfig-paths@https://registry.npmjs.org/tsconfig-paths/-/tsconfig-paths-3.15.0.tgz 0ms (cache hit)
176 http cache typed-array-length@https://registry.npmjs.org/typed-array-length/-/typed-array-length-1.0.7.tgz 0ms (cache hit)
177 http cache to-regex-range@https://registry.npmjs.org/to-regex-range/-/to-regex-range-5.0.1.tgz 0ms (cache hit)
178 http cache tinyglobby@https://registry.npmjs.org/tinyglobby/-/tinyglobby-0.2.15.tgz 0ms (cache hit)
179 http cache ts-api-utils@https://registry.npmjs.org/ts-api-utils/-/ts-api-utils-2.4.0.tgz 0ms (cache hit)
180 http cache supports-preserve-symlinks-flag@https://registry.npmjs.org/supports-preserve-symlinks-flag/-/supports-preserve-symlinks-flag-1.0.0.tgz 0ms (cache hit)
181 http cache tapable@https://registry.npmjs.org/tapable/-/tapable-2.3.0.tgz 0ms (cache hit)
182 http cache tailwindcss@https://registry.npmjs.org/tailwindcss/-/tailwindcss-4.2.0.tgz 0ms (cache hit)
183 http cache supports-color@https://registry.npmjs.org/supports-color/-/supports-color-7.2.0.tgz 0ms (cache hit)
184 http cache styled-jsx@https://registry.npmjs.org/styled-jsx/-/styled-jsx-5.1.6.tgz 0ms (cache hit)
185 http cache strip-json-comments@https://registry.npmjs.org/strip-json-comments/-/strip-json-comments-3.1.1.tgz 0ms (cache hit)
186 http cache strip-bom@https://registry.npmjs.org/strip-bom/-/strip-bom-3.0.0.tgz 0ms (cache hit)
187 http cache string.prototype.trimstart@https://registry.npmjs.org/string.prototype.trimstart/-/string.prototype.trimstart-1.0.8.tgz 0ms (cache hit)
188 http cache string.prototype.trimend@https://registry.npmjs.org/string.prototype.trimend/-/string.prototype.trimend-1.0.9.tgz 1ms (cache hit)
189 http cache string.prototype.trim@https://registry.npmjs.org/string.prototype.trim/-/string.prototype.trim-1.2.10.tgz 0ms (cache hit)
190 http cache string.prototype.repeat@https://registry.npmjs.org/string.prototype.repeat/-/string.prototype.repeat-1.0.0.tgz 0ms (cache hit)
191 http cache string.prototype.matchall@https://registry.npmjs.org/string.prototype.matchall/-/string.prototype.matchall-4.0.12.tgz 0ms (cache hit)
192 http cache stop-iteration-iterator@https://registry.npmjs.org/stop-iteration-iterator/-/stop-iteration-iterator-1.1.0.tgz 0ms (cache hit)
193 http cache string.prototype.includes@https://registry.npmjs.org/string.prototype.includes/-/string.prototype.includes-2.0.1.tgz 0ms (cache hit)
194 http cache source-map-js@https://registry.npmjs.org/source-map-js/-/source-map-js-1.2.1.tgz 0ms (cache hit)
195 http cache stable-hash@https://registry.npmjs.org/stable-hash/-/stable-hash-0.0.5.tgz 0ms (cache hit)
196 http cache side-channel-weakmap@https://registry.npmjs.org/side-channel-weakmap/-/side-channel-weakmap-1.0.2.tgz 0ms (cache hit)
197 http cache side-channel-map@https://registry.npmjs.org/side-channel-map/-/side-channel-map-1.0.1.tgz 0ms (cache hit)
198 http cache side-channel-list@https://registry.npmjs.org/side-channel-list/-/side-channel-list-1.0.0.tgz 0ms (cache hit)
199 http cache side-channel@https://registry.npmjs.org/side-channel/-/side-channel-1.1.0.tgz 0ms (cache hit)
200 http cache shebang-regex@https://registry.npmjs.org/shebang-regex/-/shebang-regex-3.0.0.tgz 0ms (cache hit)
201 http cache sharp@https://registry.npmjs.org/sharp/-/sharp-0.34.5.tgz 0ms (cache hit)
202 http cache shebang-command@https://registry.npmjs.org/shebang-command/-/shebang-command-2.0.0.tgz 0ms (cache hit)
203 http cache set-proto@https://registry.npmjs.org/set-proto/-/set-proto-1.0.0.tgz 0ms (cache hit)
204 http cache set-function-name@https://registry.npmjs.org/set-function-name/-/set-function-name-2.0.2.tgz 0ms (cache hit)
205 http cache set-function-length@https://registry.npmjs.org/set-function-length/-/set-function-length-1.2.2.tgz 0ms (cache hit)
206 http cache scheduler@https://registry.npmjs.org/scheduler/-/scheduler-0.27.0.tgz 0ms (cache hit)
207 http cache semver@https://registry.npmjs.org/semver/-/semver-6.3.1.tgz 0ms (cache hit)
208 http cache safe-regex-test@https://registry.npmjs.org/safe-regex-test/-/safe-regex-test-1.1.0.tgz 0ms (cache hit)
209 http cache run-parallel@https://registry.npmjs.org/run-parallel/-/run-parallel-1.2.0.tgz 0ms (cache hit)
210 http cache set-cookie-parser@https://registry.npmjs.org/set-cookie-parser/-/set-cookie-parser-2.7.2.tgz 0ms (cache hit)
211 http cache safe-array-concat@https://registry.npmjs.org/safe-array-concat/-/safe-array-concat-1.1.3.tgz 0ms (cache hit)
212 http cache reusify@https://registry.npmjs.org/reusify/-/reusify-1.1.0.tgz 0ms (cache hit)
213 http cache safe-push-apply@https://registry.npmjs.org/safe-push-apply/-/safe-push-apply-1.0.0.tgz 0ms (cache hit)
214 http cache resolve-from@https://registry.npmjs.org/resolve-from/-/resolve-from-4.0.0.tgz 0ms (cache hit)
215 http cache resolve@https://registry.npmjs.org/resolve/-/resolve-1.22.11.tgz 0ms (cache hit)
216 http cache regexp.prototype.flags@https://registry.npmjs.org/regexp.prototype.flags/-/regexp.prototype.flags-1.5.4.tgz 0ms (cache hit)
217 http cache resolve-pkg-maps@https://registry.npmjs.org/resolve-pkg-maps/-/resolve-pkg-maps-1.0.0.tgz 0ms (cache hit)
218 http cache reflect.getprototypeof@https://registry.npmjs.org/reflect.getprototypeof/-/reflect.getprototypeof-1.0.10.tgz 0ms (cache hit)
219 http cache react-router@https://registry.npmjs.org/react-router/-/react-router-7.13.0.tgz 0ms (cache hit)
220 http cache react-router-dom@https://registry.npmjs.org/react-router-dom/-/react-router-dom-7.13.0.tgz 0ms (cache hit)
221 http cache react-is@https://registry.npmjs.org/react-is/-/react-is-16.13.1.tgz 0ms (cache hit)
222 http cache react@https://registry.npmjs.org/react/-/react-19.2.3.tgz 0ms (cache hit)
223 http cache queue-microtask@https://registry.npmjs.org/queue-microtask/-/queue-microtask-1.2.3.tgz 0ms (cache hit)
224 http cache react-dom@https://registry.npmjs.org/react-dom/-/react-dom-19.2.3.tgz 0ms (cache hit)
225 http cache prop-types@https://registry.npmjs.org/prop-types/-/prop-types-15.8.1.tgz 0ms (cache hit)
226 http cache punycode@https://registry.npmjs.org/punycode/-/punycode-2.3.1.tgz 1ms (cache hit)
227 http cache postcss@https://registry.npmjs.org/postcss/-/postcss-8.5.6.tgz 0ms (cache hit)
228 http cache possible-typed-array-names@https://registry.npmjs.org/possible-typed-array-names/-/possible-typed-array-names-1.1.0.tgz 0ms (cache hit)
229 http cache prelude-ls@https://registry.npmjs.org/prelude-ls/-/prelude-ls-1.2.1.tgz 0ms (cache hit)
230 http cache picomatch@https://registry.npmjs.org/picomatch/-/picomatch-2.3.1.tgz 0ms (cache hit)
231 http cache path-key@https://registry.npmjs.org/path-key/-/path-key-3.1.1.tgz 0ms (cache hit)
232 http cache path-parse@https://registry.npmjs.org/path-parse/-/path-parse-1.0.7.tgz 0ms (cache hit)
233 http cache picocolors@https://registry.npmjs.org/picocolors/-/picocolors-1.1.1.tgz 0ms (cache hit)
234 http cache p-locate@https://registry.npmjs.org/p-locate/-/p-locate-5.0.0.tgz 0ms (cache hit)
235 http cache path-exists@https://registry.npmjs.org/path-exists/-/path-exists-4.0.0.tgz 0ms (cache hit)
236 http cache p-limit@https://registry.npmjs.org/p-limit/-/p-limit-3.1.0.tgz 0ms (cache hit)
237 http cache parent-module@https://registry.npmjs.org/parent-module/-/parent-module-1.0.1.tgz 0ms (cache hit)
238 http cache optionator@https://registry.npmjs.org/optionator/-/optionator-0.9.4.tgz 0ms (cache hit)
239 http cache own-keys@https://registry.npmjs.org/own-keys/-/own-keys-1.0.1.tgz 0ms (cache hit)
240 http cache object.groupby@https://registry.npmjs.org/object.groupby/-/object.groupby-1.0.3.tgz 0ms (cache hit)
241 http cache object.values@https://registry.npmjs.org/object.values/-/object.values-1.2.1.tgz 0ms (cache hit)
242 http cache object.entries@https://registry.npmjs.org/object.entries/-/object.entries-1.1.9.tgz 0ms (cache hit)
243 http cache object.assign@https://registry.npmjs.org/object.assign/-/object.assign-4.1.7.tgz 0ms (cache hit)
244 http cache object.fromentries@https://registry.npmjs.org/object.fromentries/-/object.fromentries-2.0.8.tgz 0ms (cache hit)
245 http cache object-keys@https://registry.npmjs.org/object-keys/-/object-keys-1.1.1.tgz 0ms (cache hit)
246 http cache object-inspect@https://registry.npmjs.org/object-inspect/-/object-inspect-1.13.4.tgz 0ms (cache hit)
247 http cache node-releases@https://registry.npmjs.org/node-releases/-/node-releases-2.0.27.tgz 0ms (cache hit)
248 http cache object-assign@https://registry.npmjs.org/object-assign/-/object-assign-4.1.1.tgz 0ms (cache hit)
249 http cache next@https://registry.npmjs.org/next/-/next-16.1.6.tgz 0ms (cache hit)
250 http cache node-exports-info@https://registry.npmjs.org/node-exports-info/-/node-exports-info-1.6.0.tgz 0ms (cache hit)
251 http cache natural-compare@https://registry.npmjs.org/natural-compare/-/natural-compare-1.4.0.tgz 0ms (cache hit)
252 http cache napi-postinstall@https://registry.npmjs.org/napi-postinstall/-/napi-postinstall-0.3.4.tgz 0ms (cache hit)
253 http cache motion-utils@https://registry.npmjs.org/motion-utils/-/motion-utils-12.29.2.tgz 0ms (cache hit)
254 http cache nanoid@https://registry.npmjs.org/nanoid/-/nanoid-3.3.11.tgz 0ms (cache hit)
255 http cache motion-dom@https://registry.npmjs.org/motion-dom/-/motion-dom-12.34.3.tgz 0ms (cache hit)
256 http cache ms@https://registry.npmjs.org/ms/-/ms-2.1.3.tgz 0ms (cache hit)
257 http cache minimist@https://registry.npmjs.org/minimist/-/minimist-1.2.8.tgz 0ms (cache hit)
258 http cache motion@https://registry.npmjs.org/motion/-/motion-12.34.3.tgz 0ms (cache hit)
259 http cache micromatch@https://registry.npmjs.org/micromatch/-/micromatch-4.0.8.tgz 0ms (cache hit)
260 http cache minimatch@https://registry.npmjs.org/minimatch/-/minimatch-3.1.3.tgz 0ms (cache hit)
261 http cache merge2@https://registry.npmjs.org/merge2/-/merge2-1.4.1.tgz 0ms (cache hit)
262 http cache magic-string@https://registry.npmjs.org/magic-string/-/magic-string-0.30.21.tgz 0ms (cache hit)
263 http cache math-intrinsics@https://registry.npmjs.org/math-intrinsics/-/math-intrinsics-1.1.0.tgz 0ms (cache hit)
264 http cache lru-cache@https://registry.npmjs.org/lru-cache/-/lru-cache-5.1.1.tgz 0ms (cache hit)
265 http cache lodash.merge@https://registry.npmjs.org/lodash.merge/-/lodash.merge-4.6.2.tgz 0ms (cache hit)
266 http cache lucide-react@https://registry.npmjs.org/lucide-react/-/lucide-react-0.575.0.tgz 0ms (cache hit)
267 http cache loose-envify@https://registry.npmjs.org/loose-envify/-/loose-envify-1.4.0.tgz 0ms (cache hit)
268 http cache locate-path@https://registry.npmjs.org/locate-path/-/locate-path-6.0.0.tgz 0ms (cache hit)
269 http cache lightningcss@https://registry.npmjs.org/lightningcss/-/lightningcss-1.31.1.tgz 0ms (cache hit)
270 http cache levn@https://registry.npmjs.org/levn/-/levn-0.4.1.tgz 0ms (cache hit)
271 http cache language-tags@https://registry.npmjs.org/language-tags/-/language-tags-1.0.9.tgz 0ms (cache hit)
272 http cache language-subtag-registry@https://registry.npmjs.org/language-subtag-registry/-/language-subtag-registry-0.3.23.tgz 0ms (cache hit)
273 http cache keyv@https://registry.npmjs.org/keyv/-/keyv-4.5.4.tgz 0ms (cache hit)
274 http cache jsx-ast-utils@https://registry.npmjs.org/jsx-ast-utils/-/jsx-ast-utils-3.3.5.tgz 0ms (cache hit)
275 http cache json-schema-traverse@https://registry.npmjs.org/json-schema-traverse/-/json-schema-traverse-0.4.1.tgz 0ms (cache hit)
276 http cache json5@https://registry.npmjs.org/json5/-/json5-2.2.3.tgz 0ms (cache hit)
277 http cache json-stable-stringify-without-jsonify@https://registry.npmjs.org/json-stable-stringify-without-jsonify/-/json-stable-stringify-without-jsonify-1.0.1.tgz 0ms (cache hit)
278 http cache lightningcss-win32-x64-msvc@https://registry.npmjs.org/lightningcss-win32-x64-msvc/-/lightningcss-win32-x64-msvc-1.31.1.tgz 0ms (cache hit)
279 http cache jsesc@https://registry.npmjs.org/jsesc/-/jsesc-3.1.0.tgz 0ms (cache hit)
280 http cache json-buffer@https://registry.npmjs.org/json-buffer/-/json-buffer-3.0.1.tgz 0ms (cache hit)
281 http cache js-tokens@https://registry.npmjs.org/js-tokens/-/js-tokens-4.0.0.tgz 0ms (cache hit)
282 http cache js-yaml@https://registry.npmjs.org/js-yaml/-/js-yaml-4.1.1.tgz 0ms (cache hit)
283 http cache iterator.prototype@https://registry.npmjs.org/iterator.prototype/-/iterator.prototype-1.1.5.tgz 0ms (cache hit)
284 http cache isexe@https://registry.npmjs.org/isexe/-/isexe-2.0.0.tgz 0ms (cache hit)
285 http cache is-weakset@https://registry.npmjs.org/is-weakset/-/is-weakset-2.0.4.tgz 0ms (cache hit)
286 http cache is-weakref@https://registry.npmjs.org/is-weakref/-/is-weakref-1.1.1.tgz 0ms (cache hit)
287 http cache is-weakmap@https://registry.npmjs.org/is-weakmap/-/is-weakmap-2.0.2.tgz 0ms (cache hit)
288 http cache isarray@https://registry.npmjs.org/isarray/-/isarray-2.0.5.tgz 0ms (cache hit)
289 http cache is-typed-array@https://registry.npmjs.org/is-typed-array/-/is-typed-array-1.1.15.tgz 0ms (cache hit)
290 http cache is-symbol@https://registry.npmjs.org/is-symbol/-/is-symbol-1.1.1.tgz 0ms (cache hit)
291 http cache jiti@https://registry.npmjs.org/jiti/-/jiti-2.6.1.tgz 0ms (cache hit)
292 http cache is-string@https://registry.npmjs.org/is-string/-/is-string-1.1.1.tgz 0ms (cache hit)
293 http cache is-shared-array-buffer@https://registry.npmjs.org/is-shared-array-buffer/-/is-shared-array-buffer-1.0.4.tgz 0ms (cache hit)
294 http cache is-regex@https://registry.npmjs.org/is-regex/-/is-regex-1.2.1.tgz 0ms (cache hit)
295 http cache is-set@https://registry.npmjs.org/is-set/-/is-set-2.0.3.tgz 0ms (cache hit)
296 http cache is-number@https://registry.npmjs.org/is-number/-/is-number-7.0.0.tgz 0ms (cache hit)
297 http cache is-map@https://registry.npmjs.org/is-map/-/is-map-2.0.3.tgz 0ms (cache hit)
298 http cache is-number-object@https://registry.npmjs.org/is-number-object/-/is-number-object-1.1.1.tgz 0ms (cache hit)
299 http cache is-negative-zero@https://registry.npmjs.org/is-negative-zero/-/is-negative-zero-2.0.3.tgz 0ms (cache hit)
300 http cache is-generator-function@https://registry.npmjs.org/is-generator-function/-/is-generator-function-1.1.2.tgz 0ms (cache hit)
301 http cache is-glob@https://registry.npmjs.org/is-glob/-/is-glob-4.0.3.tgz 0ms (cache hit)
302 http cache is-extglob@https://registry.npmjs.org/is-extglob/-/is-extglob-2.1.1.tgz 0ms (cache hit)
303 http cache is-finalizationregistry@https://registry.npmjs.org/is-finalizationregistry/-/is-finalizationregistry-1.1.1.tgz 0ms (cache hit)
304 http cache is-date-object@https://registry.npmjs.org/is-date-object/-/is-date-object-1.1.0.tgz 0ms (cache hit)
305 http cache is-core-module@https://registry.npmjs.org/is-core-module/-/is-core-module-2.16.1.tgz 0ms (cache hit)
306 http cache is-data-view@https://registry.npmjs.org/is-data-view/-/is-data-view-1.0.2.tgz 0ms (cache hit)
307 http cache is-callable@https://registry.npmjs.org/is-callable/-/is-callable-1.2.7.tgz 0ms (cache hit)
308 http cache is-bun-module@https://registry.npmjs.org/is-bun-module/-/is-bun-module-2.0.0.tgz 0ms (cache hit)
309 http cache is-async-function@https://registry.npmjs.org/is-async-function/-/is-async-function-2.1.1.tgz 0ms (cache hit)
310 http cache is-array-buffer@https://registry.npmjs.org/is-array-buffer/-/is-array-buffer-3.0.5.tgz 0ms (cache hit)
311 http cache is-boolean-object@https://registry.npmjs.org/is-boolean-object/-/is-boolean-object-1.2.2.tgz 1ms (cache hit)
312 http cache internal-slot@https://registry.npmjs.org/internal-slot/-/internal-slot-1.1.0.tgz 0ms (cache hit)
313 http cache imurmurhash@https://registry.npmjs.org/imurmurhash/-/imurmurhash-0.1.4.tgz 0ms (cache hit)
314 http cache import-fresh@https://registry.npmjs.org/import-fresh/-/import-fresh-3.3.1.tgz 0ms (cache hit)
315 http cache is-bigint@https://registry.npmjs.org/is-bigint/-/is-bigint-1.1.0.tgz 0ms (cache hit)
316 http cache hermes-parser@https://registry.npmjs.org/hermes-parser/-/hermes-parser-0.25.1.tgz 1ms (cache hit)
317 http cache hermes-estree@https://registry.npmjs.org/hermes-estree/-/hermes-estree-0.25.1.tgz 0ms (cache hit)
318 http cache ignore@https://registry.npmjs.org/ignore/-/ignore-5.3.2.tgz 0ms (cache hit)
319 http cache has-tostringtag@https://registry.npmjs.org/has-tostringtag/-/has-tostringtag-1.0.2.tgz 0ms (cache hit)
320 http cache hasown@https://registry.npmjs.org/hasown/-/hasown-2.0.2.tgz 0ms (cache hit)
321 http cache has-property-descriptors@https://registry.npmjs.org/has-property-descriptors/-/has-property-descriptors-1.0.2.tgz 0ms (cache hit)
322 http cache has-flag@https://registry.npmjs.org/has-flag/-/has-flag-4.0.0.tgz 0ms (cache hit)
323 http cache has-symbols@https://registry.npmjs.org/has-symbols/-/has-symbols-1.1.0.tgz 0ms (cache hit)
324 http cache has-proto@https://registry.npmjs.org/has-proto/-/has-proto-1.2.0.tgz 0ms (cache hit)
325 http cache graceful-fs@https://registry.npmjs.org/graceful-fs/-/graceful-fs-4.2.11.tgz 0ms (cache hit)
326 http cache has-bigints@https://registry.npmjs.org/has-bigints/-/has-bigints-1.1.0.tgz 0ms (cache hit)
327 http cache globals@https://registry.npmjs.org/globals/-/globals-14.0.0.tgz 0ms (cache hit)
328 http cache gopd@https://registry.npmjs.org/gopd/-/gopd-1.2.0.tgz 0ms (cache hit)
329 http cache glob-parent@https://registry.npmjs.org/glob-parent/-/glob-parent-6.0.2.tgz 0ms (cache hit)
330 http cache get-tsconfig@https://registry.npmjs.org/get-tsconfig/-/get-tsconfig-4.13.6.tgz 0ms (cache hit)
331 http cache globalthis@https://registry.npmjs.org/globalthis/-/globalthis-1.0.4.tgz 0ms (cache hit)
332 http cache get-proto@https://registry.npmjs.org/get-proto/-/get-proto-1.0.1.tgz 0ms (cache hit)
333 http cache get-intrinsic@https://registry.npmjs.org/get-intrinsic/-/get-intrinsic-1.3.0.tgz 0ms (cache hit)
334 http cache get-symbol-description@https://registry.npmjs.org/get-symbol-description/-/get-symbol-description-1.1.0.tgz 1ms (cache hit)
335 http cache gensync@https://registry.npmjs.org/gensync/-/gensync-1.0.0-beta.2.tgz 0ms (cache hit)
336 http cache generator-function@https://registry.npmjs.org/generator-function/-/generator-function-2.0.1.tgz 0ms (cache hit)
337 http cache function-bind@https://registry.npmjs.org/function-bind/-/function-bind-1.1.2.tgz 1ms (cache hit)
338 http cache functions-have-names@https://registry.npmjs.org/functions-have-names/-/functions-have-names-1.2.3.tgz 0ms (cache hit)
339 http cache function.prototype.name@https://registry.npmjs.org/function.prototype.name/-/function.prototype.name-1.1.8.tgz 0ms (cache hit)
340 http cache framer-motion@https://registry.npmjs.org/framer-motion/-/framer-motion-12.34.3.tgz 0ms (cache hit)
341 http cache for-each@https://registry.npmjs.org/for-each/-/for-each-0.3.5.tgz 0ms (cache hit)
342 http cache flatted@https://registry.npmjs.org/flatted/-/flatted-3.3.3.tgz 0ms (cache hit)
343 http cache flat-cache@https://registry.npmjs.org/flat-cache/-/flat-cache-4.0.1.tgz 0ms (cache hit)
344 http cache fill-range@https://registry.npmjs.org/fill-range/-/fill-range-7.1.1.tgz 0ms (cache hit)
345 http cache find-up@https://registry.npmjs.org/find-up/-/find-up-5.0.0.tgz 0ms (cache hit)
346 http cache file-entry-cache@https://registry.npmjs.org/file-entry-cache/-/file-entry-cache-8.0.0.tgz 1ms (cache hit)
347 http cache fastq@https://registry.npmjs.org/fastq/-/fastq-1.20.1.tgz 0ms (cache hit)
348 http cache fast-levenshtein@https://registry.npmjs.org/fast-levenshtein/-/fast-levenshtein-2.0.6.tgz 0ms (cache hit)
349 http cache fast-json-stable-stringify@https://registry.npmjs.org/fast-json-stable-stringify/-/fast-json-stable-stringify-2.1.0.tgz 0ms (cache hit)
350 http cache fast-glob@https://registry.npmjs.org/fast-glob/-/fast-glob-3.3.1.tgz 0ms (cache hit)
351 http cache fast-deep-equal@https://registry.npmjs.org/fast-deep-equal/-/fast-deep-equal-3.1.3.tgz 0ms (cache hit)
352 http cache esutils@https://registry.npmjs.org/esutils/-/esutils-2.0.3.tgz 0ms (cache hit)
353 http cache esrecurse@https://registry.npmjs.org/esrecurse/-/esrecurse-4.3.0.tgz 0ms (cache hit)
354 http cache estraverse@https://registry.npmjs.org/estraverse/-/estraverse-5.3.0.tgz 0ms (cache hit)
355 http cache esquery@https://registry.npmjs.org/esquery/-/esquery-1.7.0.tgz 0ms (cache hit)
356 http cache espree@https://registry.npmjs.org/espree/-/espree-10.4.0.tgz 0ms (cache hit)
357 http cache eslint-visitor-keys@https://registry.npmjs.org/eslint-visitor-keys/-/eslint-visitor-keys-4.2.1.tgz 0ms (cache hit)
358 http cache eslint-scope@https://registry.npmjs.org/eslint-scope/-/eslint-scope-8.4.0.tgz 0ms (cache hit)
359 http cache eslint-plugin-react-hooks@https://registry.npmjs.org/eslint-plugin-react-hooks/-/eslint-plugin-react-hooks-7.0.1.tgz 0ms (cache hit)
360 http cache eslint-plugin-react@https://registry.npmjs.org/eslint-plugin-react/-/eslint-plugin-react-7.37.5.tgz 1ms (cache hit)
361 http cache eslint-plugin-jsx-a11y@https://registry.npmjs.org/eslint-plugin-jsx-a11y/-/eslint-plugin-jsx-a11y-6.10.2.tgz 0ms (cache hit)
362 http cache eslint-module-utils@https://registry.npmjs.org/eslint-module-utils/-/eslint-module-utils-2.12.1.tgz 0ms (cache hit)
363 http cache eslint-plugin-import@https://registry.npmjs.org/eslint-plugin-import/-/eslint-plugin-import-2.32.0.tgz 0ms (cache hit)
364 http cache eslint-config-next@https://registry.npmjs.org/eslint-config-next/-/eslint-config-next-16.1.6.tgz 0ms (cache hit)
365 http cache eslint-import-resolver-node@https://registry.npmjs.org/eslint-import-resolver-node/-/eslint-import-resolver-node-0.3.9.tgz 0ms (cache hit)
366 http cache eslint@https://registry.npmjs.org/eslint/-/eslint-9.39.3.tgz 0ms (cache hit)
367 http cache eslint-import-resolver-typescript@https://registry.npmjs.org/eslint-import-resolver-typescript/-/eslint-import-resolver-typescript-3.10.1.tgz 0ms (cache hit)
368 http cache escape-string-regexp@https://registry.npmjs.org/escape-string-regexp/-/escape-string-regexp-4.0.0.tgz 0ms (cache hit)
369 http cache es-to-primitive@https://registry.npmjs.org/es-to-primitive/-/es-to-primitive-1.3.0.tgz 0ms (cache hit)
370 http cache es-shim-unscopables@https://registry.npmjs.org/es-shim-unscopables/-/es-shim-unscopables-1.1.0.tgz 0ms (cache hit)
371 http cache es-set-tostringtag@https://registry.npmjs.org/es-set-tostringtag/-/es-set-tostringtag-2.1.0.tgz 0ms (cache hit)
372 http cache es-iterator-helpers@https://registry.npmjs.org/es-iterator-helpers/-/es-iterator-helpers-1.2.2.tgz 1ms (cache hit)
373 http cache escalade@https://registry.npmjs.org/escalade/-/escalade-3.2.0.tgz 0ms (cache hit)
374 http cache es-object-atoms@https://registry.npmjs.org/es-object-atoms/-/es-object-atoms-1.1.1.tgz 0ms (cache hit)
375 http cache es-errors@https://registry.npmjs.org/es-errors/-/es-errors-1.3.0.tgz 0ms (cache hit)
376 http cache es-abstract@https://registry.npmjs.org/es-abstract/-/es-abstract-1.24.1.tgz 0ms (cache hit)
377 http cache enhanced-resolve@https://registry.npmjs.org/enhanced-resolve/-/enhanced-resolve-5.19.0.tgz 0ms (cache hit)
378 http cache es-define-property@https://registry.npmjs.org/es-define-property/-/es-define-property-1.0.1.tgz 0ms (cache hit)
379 http cache emoji-regex@https://registry.npmjs.org/emoji-regex/-/emoji-regex-9.2.2.tgz 0ms (cache hit)
380 http cache dunder-proto@https://registry.npmjs.org/dunder-proto/-/dunder-proto-1.0.1.tgz 0ms (cache hit)
381 http cache electron-to-chromium@https://registry.npmjs.org/electron-to-chromium/-/electron-to-chromium-1.5.302.tgz 0ms (cache hit)
382 http cache doctrine@https://registry.npmjs.org/doctrine/-/doctrine-2.1.0.tgz 0ms (cache hit)
383 http cache define-data-property@https://registry.npmjs.org/define-data-property/-/define-data-property-1.1.4.tgz 0ms (cache hit)
384 http cache define-properties@https://registry.npmjs.org/define-properties/-/define-properties-1.2.1.tgz 0ms (cache hit)
385 http cache detect-libc@https://registry.npmjs.org/detect-libc/-/detect-libc-2.1.2.tgz 0ms (cache hit)
386 http cache deep-is@https://registry.npmjs.org/deep-is/-/deep-is-0.1.4.tgz 0ms (cache hit)
387 http cache debug@https://registry.npmjs.org/debug/-/debug-4.4.3.tgz 1ms (cache hit)
388 http cache data-view-byte-length@https://registry.npmjs.org/data-view-byte-length/-/data-view-byte-length-1.0.2.tgz 0ms (cache hit)
389 http cache data-view-buffer@https://registry.npmjs.org/data-view-buffer/-/data-view-buffer-1.0.2.tgz 0ms (cache hit)
390 http cache damerau-levenshtein@https://registry.npmjs.org/damerau-levenshtein/-/damerau-levenshtein-1.0.8.tgz 0ms (cache hit)
391 http cache cross-spawn@https://registry.npmjs.org/cross-spawn/-/cross-spawn-7.0.6.tgz 0ms (cache hit)
392 http cache csstype@https://registry.npmjs.org/csstype/-/csstype-3.2.3.tgz 0ms (cache hit)
393 http cache data-view-byte-offset@https://registry.npmjs.org/data-view-byte-offset/-/data-view-byte-offset-1.0.1.tgz 0ms (cache hit)
394 http cache convert-source-map@https://registry.npmjs.org/convert-source-map/-/convert-source-map-2.0.0.tgz 0ms (cache hit)
395 http cache cookie@https://registry.npmjs.org/cookie/-/cookie-1.1.1.tgz 0ms (cache hit)
396 http cache concat-map@https://registry.npmjs.org/concat-map/-/concat-map-0.0.1.tgz 0ms (cache hit)
397 http cache color-name@https://registry.npmjs.org/color-name/-/color-name-1.1.4.tgz 0ms (cache hit)
398 http cache client-only@https://registry.npmjs.org/client-only/-/client-only-0.0.1.tgz 0ms (cache hit)
399 http cache callsites@https://registry.npmjs.org/callsites/-/callsites-3.1.0.tgz 0ms (cache hit)
400 http cache chalk@https://registry.npmjs.org/chalk/-/chalk-4.1.2.tgz 0ms (cache hit)
401 http cache caniuse-lite@https://registry.npmjs.org/caniuse-lite/-/caniuse-lite-1.0.30001774.tgz 0ms (cache hit)
402 http cache call-bind-apply-helpers@https://registry.npmjs.org/call-bind-apply-helpers/-/call-bind-apply-helpers-1.0.2.tgz 0ms (cache hit)
403 http cache color-convert@https://registry.npmjs.org/color-convert/-/color-convert-2.0.1.tgz 0ms (cache hit)
404 http cache call-bind@https://registry.npmjs.org/call-bind/-/call-bind-1.0.8.tgz 0ms (cache hit)
405 http cache call-bound@https://registry.npmjs.org/call-bound/-/call-bound-1.0.4.tgz 0ms (cache hit)
406 http cache brace-expansion@https://registry.npmjs.org/brace-expansion/-/brace-expansion-1.1.12.tgz 0ms (cache hit)
407 http cache balanced-match@https://registry.npmjs.org/balanced-match/-/balanced-match-1.0.2.tgz 0ms (cache hit)
408 http cache browserslist@https://registry.npmjs.org/browserslist/-/browserslist-4.28.1.tgz 0ms (cache hit)
409 http cache braces@https://registry.npmjs.org/braces/-/braces-3.0.3.tgz 0ms (cache hit)
410 http cache available-typed-arrays@https://registry.npmjs.org/available-typed-arrays/-/available-typed-arrays-1.0.7.tgz 0ms (cache hit)
411 http cache axobject-query@https://registry.npmjs.org/axobject-query/-/axobject-query-4.1.0.tgz 0ms (cache hit)
412 http cache axe-core@https://registry.npmjs.org/axe-core/-/axe-core-4.11.1.tgz 0ms (cache hit)
413 http cache baseline-browser-mapping@https://registry.npmjs.org/baseline-browser-mapping/-/baseline-browser-mapping-2.10.0.tgz 0ms (cache hit)
414 http cache async-function@https://registry.npmjs.org/async-function/-/async-function-1.0.0.tgz 0ms (cache hit)
415 http cache ast-types-flow@https://registry.npmjs.org/ast-types-flow/-/ast-types-flow-0.0.8.tgz 0ms (cache hit)
416 http cache arraybuffer.prototype.slice@https://registry.npmjs.org/arraybuffer.prototype.slice/-/arraybuffer.prototype.slice-1.0.4.tgz 0ms (cache hit)
417 http cache array.prototype.tosorted@https://registry.npmjs.org/array.prototype.tosorted/-/array.prototype.tosorted-1.1.4.tgz 0ms (cache hit)
418 http cache array.prototype.flatmap@https://registry.npmjs.org/array.prototype.flatmap/-/array.prototype.flatmap-1.3.3.tgz 0ms (cache hit)
419 http cache array.prototype.flat@https://registry.npmjs.org/array.prototype.flat/-/array.prototype.flat-1.3.3.tgz 0ms (cache hit)
420 http cache array.prototype.findlastindex@https://registry.npmjs.org/array.prototype.findlastindex/-/array.prototype.findlastindex-1.2.6.tgz 0ms (cache hit)
421 http cache aria-query@https://registry.npmjs.org/aria-query/-/aria-query-5.3.2.tgz 0ms (cache hit)
422 http cache array.prototype.findlast@https://registry.npmjs.org/array.prototype.findlast/-/array.prototype.findlast-1.2.5.tgz 0ms (cache hit)
423 http cache array-buffer-byte-length@https://registry.npmjs.org/array-buffer-byte-length/-/array-buffer-byte-length-1.0.2.tgz 0ms (cache hit)
424 http cache array-includes@https://registry.npmjs.org/array-includes/-/array-includes-3.1.9.tgz 0ms (cache hit)
425 http cache argparse@https://registry.npmjs.org/argparse/-/argparse-2.0.1.tgz 0ms (cache hit)
426 http cache ansi-styles@https://registry.npmjs.org/ansi-styles/-/ansi-styles-4.3.0.tgz 0ms (cache hit)
427 http cache ajv@https://registry.npmjs.org/ajv/-/ajv-6.14.0.tgz 0ms (cache hit)
428 http cache @unrs/resolver-binding-win32-x64-msvc@https://registry.npmjs.org/@unrs/resolver-binding-win32-x64-msvc/-/resolver-binding-win32-x64-msvc-1.11.1.tgz 0ms (cache hit)
429 http cache acorn-jsx@https://registry.npmjs.org/acorn-jsx/-/acorn-jsx-5.3.2.tgz 0ms (cache hit)
430 http cache acorn@https://registry.npmjs.org/acorn/-/acorn-8.16.0.tgz 0ms (cache hit)
431 http cache @typescript-eslint/visitor-keys@https://registry.npmjs.org/@typescript-eslint/visitor-keys/-/visitor-keys-8.56.0.tgz 0ms (cache hit)
432 http cache @typescript-eslint/typescript-estree@https://registry.npmjs.org/@typescript-eslint/typescript-estree/-/typescript-estree-8.56.0.tgz 0ms (cache hit)
433 http cache @typescript-eslint/types@https://registry.npmjs.org/@typescript-eslint/types/-/types-8.56.0.tgz 0ms (cache hit)
434 http cache @typescript-eslint/type-utils@https://registry.npmjs.org/@typescript-eslint/type-utils/-/type-utils-8.56.0.tgz 0ms (cache hit)
435 http cache @typescript-eslint/tsconfig-utils@https://registry.npmjs.org/@typescript-eslint/tsconfig-utils/-/tsconfig-utils-8.56.0.tgz 0ms (cache hit)
436 http cache @typescript-eslint/utils@https://registry.npmjs.org/@typescript-eslint/utils/-/utils-8.56.0.tgz 0ms (cache hit)
437 http cache @typescript-eslint/project-service@https://registry.npmjs.org/@typescript-eslint/project-service/-/project-service-8.56.0.tgz 0ms (cache hit)
438 http cache @typescript-eslint/parser@https://registry.npmjs.org/@typescript-eslint/parser/-/parser-8.56.0.tgz 1ms (cache hit)
439 http cache @typescript-eslint/eslint-plugin@https://registry.npmjs.org/@typescript-eslint/eslint-plugin/-/eslint-plugin-8.56.0.tgz 0ms (cache hit)
440 http cache @typescript-eslint/scope-manager@https://registry.npmjs.org/@typescript-eslint/scope-manager/-/scope-manager-8.56.0.tgz 0ms (cache hit)
441 http cache @types/react@https://registry.npmjs.org/@types/react/-/react-19.2.14.tgz 0ms (cache hit)
442 http cache @types/react-dom@https://registry.npmjs.org/@types/react-dom/-/react-dom-19.2.3.tgz 0ms (cache hit)
443 http cache @types/node@https://registry.npmjs.org/@types/node/-/node-20.19.33.tgz 0ms (cache hit)
444 http cache @types/json5@https://registry.npmjs.org/@types/json5/-/json5-0.0.29.tgz 0ms (cache hit)
445 http cache @types/json-schema@https://registry.npmjs.org/@types/json-schema/-/json-schema-7.0.15.tgz 0ms (cache hit)
446 http cache @types/estree@https://registry.npmjs.org/@types/estree/-/estree-1.0.8.tgz 0ms (cache hit)
447 http cache @tybys/wasm-util@https://registry.npmjs.org/@tybys/wasm-util/-/wasm-util-0.10.1.tgz 0ms (cache hit)
448 http cache @tailwindcss/postcss@https://registry.npmjs.org/@tailwindcss/postcss/-/postcss-4.2.0.tgz 0ms (cache hit)
449 http cache @swc/helpers@https://registry.npmjs.org/@swc/helpers/-/helpers-0.5.15.tgz 0ms (cache hit)
450 http cache @rtsao/scc@https://registry.npmjs.org/@rtsao/scc/-/scc-1.1.0.tgz 0ms (cache hit)
451 http cache @nolyfill/is-core-module@https://registry.npmjs.org/@nolyfill/is-core-module/-/is-core-module-1.0.39.tgz 0ms (cache hit)
452 http cache @tailwindcss/oxide@https://registry.npmjs.org/@tailwindcss/oxide/-/oxide-4.2.0.tgz 0ms (cache hit)
453 http cache @tailwindcss/oxide-win32-x64-msvc@https://registry.npmjs.org/@tailwindcss/oxide-win32-x64-msvc/-/oxide-win32-x64-msvc-4.2.0.tgz 0ms (cache hit)
454 http cache @tailwindcss/node@https://registry.npmjs.org/@tailwindcss/node/-/node-4.2.0.tgz 0ms (cache hit)
455 http cache @nodelib/fs.walk@https://registry.npmjs.org/@nodelib/fs.walk/-/fs.walk-1.2.8.tgz 0ms (cache hit)
456 http cache @nodelib/fs.scandir@https://registry.npmjs.org/@nodelib/fs.scandir/-/fs.scandir-2.1.5.tgz 0ms (cache hit)
457 http cache @nodelib/fs.stat@https://registry.npmjs.org/@nodelib/fs.stat/-/fs.stat-2.0.5.tgz 0ms (cache hit)
458 http cache @next/env@https://registry.npmjs.org/@next/env/-/env-16.1.6.tgz 0ms (cache hit)
459 http cache @napi-rs/wasm-runtime@https://registry.npmjs.org/@napi-rs/wasm-runtime/-/wasm-runtime-0.2.12.tgz 0ms (cache hit)
460 http cache @jridgewell/sourcemap-codec@https://registry.npmjs.org/@jridgewell/sourcemap-codec/-/sourcemap-codec-1.5.5.tgz 0ms (cache hit)
461 http cache @jridgewell/trace-mapping@https://registry.npmjs.org/@jridgewell/trace-mapping/-/trace-mapping-0.3.31.tgz 0ms (cache hit)
462 http cache @next/swc-win32-x64-msvc@https://registry.npmjs.org/@next/swc-win32-x64-msvc/-/swc-win32-x64-msvc-16.1.6.tgz 0ms (cache hit)
463 http cache @jridgewell/resolve-uri@https://registry.npmjs.org/@jridgewell/resolve-uri/-/resolve-uri-3.1.2.tgz 1ms (cache hit)
464 http cache @jridgewell/gen-mapping@https://registry.npmjs.org/@jridgewell/gen-mapping/-/gen-mapping-0.3.13.tgz 0ms (cache hit)
465 http cache @next/eslint-plugin-next@https://registry.npmjs.org/@next/eslint-plugin-next/-/eslint-plugin-next-16.1.6.tgz 0ms (cache hit)
466 http cache @img/sharp-win32-x64@https://registry.npmjs.org/@img/sharp-win32-x64/-/sharp-win32-x64-0.34.5.tgz 0ms (cache hit)
467 http cache @humanwhocodes/module-importer@https://registry.npmjs.org/@humanwhocodes/module-importer/-/module-importer-1.0.1.tgz 0ms (cache hit)
468 http cache @img/colour@https://registry.npmjs.org/@img/colour/-/colour-1.0.0.tgz 0ms (cache hit)
469 http cache @humanfs/core@https://registry.npmjs.org/@humanfs/core/-/core-0.19.1.tgz 0ms (cache hit)
470 http cache @humanwhocodes/retry@https://registry.npmjs.org/@humanwhocodes/retry/-/retry-0.4.3.tgz 0ms (cache hit)
471 http cache @jridgewell/remapping@https://registry.npmjs.org/@jridgewell/remapping/-/remapping-2.3.5.tgz 0ms (cache hit)
472 http cache @humanfs/node@https://registry.npmjs.org/@humanfs/node/-/node-0.16.7.tgz 0ms (cache hit)
473 http cache @eslint/plugin-kit@https://registry.npmjs.org/@eslint/plugin-kit/-/plugin-kit-0.4.1.tgz 0ms (cache hit)
474 http cache @eslint/object-schema@https://registry.npmjs.org/@eslint/object-schema/-/object-schema-2.1.7.tgz 0ms (cache hit)
475 http cache @eslint/js@https://registry.npmjs.org/@eslint/js/-/js-9.39.3.tgz 0ms (cache hit)
476 http cache @eslint/config-helpers@https://registry.npmjs.org/@eslint/config-helpers/-/config-helpers-0.4.2.tgz 0ms (cache hit)
477 http cache @eslint-community/regexpp@https://registry.npmjs.org/@eslint-community/regexpp/-/regexpp-4.12.2.tgz 0ms (cache hit)
478 http cache @emnapi/wasi-threads@https://registry.npmjs.org/@emnapi/wasi-threads/-/wasi-threads-1.1.0.tgz 0ms (cache hit)
479 http cache @eslint/core@https://registry.npmjs.org/@eslint/core/-/core-0.17.0.tgz 0ms (cache hit)
480 http cache @eslint/config-array@https://registry.npmjs.org/@eslint/config-array/-/config-array-0.21.1.tgz 0ms (cache hit)
481 http cache @eslint/eslintrc@https://registry.npmjs.org/@eslint/eslintrc/-/eslintrc-3.3.3.tgz 0ms (cache hit)
482 http cache @eslint-community/eslint-utils@https://registry.npmjs.org/@eslint-community/eslint-utils/-/eslint-utils-4.9.1.tgz 0ms (cache hit)
483 http cache @babel/traverse@https://registry.npmjs.org/@babel/traverse/-/traverse-7.29.0.tgz 0ms (cache hit)
484 http cache @emnapi/runtime@https://registry.npmjs.org/@emnapi/runtime/-/runtime-1.8.1.tgz 0ms (cache hit)
485 http cache @babel/types@https://registry.npmjs.org/@babel/types/-/types-7.29.0.tgz 0ms (cache hit)
486 http cache @emnapi/core@https://registry.npmjs.org/@emnapi/core/-/core-1.8.1.tgz 0ms (cache hit)
487 http cache @babel/helpers@https://registry.npmjs.org/@babel/helpers/-/helpers-7.28.6.tgz 0ms (cache hit)
488 http cache @babel/helper-validator-option@https://registry.npmjs.org/@babel/helper-validator-option/-/helper-validator-option-7.27.1.tgz 0ms (cache hit)
489 http cache @babel/helper-validator-identifier@https://registry.npmjs.org/@babel/helper-validator-identifier/-/helper-validator-identifier-7.28.5.tgz 0ms (cache hit)
490 http cache @babel/template@https://registry.npmjs.org/@babel/template/-/template-7.28.6.tgz 0ms (cache hit)
491 http cache @babel/helper-string-parser@https://registry.npmjs.org/@babel/helper-string-parser/-/helper-string-parser-7.27.1.tgz 0ms (cache hit)
492 http cache @babel/helper-module-transforms@https://registry.npmjs.org/@babel/helper-module-transforms/-/helper-module-transforms-7.28.6.tgz 0ms (cache hit)
493 http cache @babel/helper-globals@https://registry.npmjs.org/@babel/helper-globals/-/helper-globals-7.28.0.tgz 0ms (cache hit)
494 http cache @babel/helper-module-imports@https://registry.npmjs.org/@babel/helper-module-imports/-/helper-module-imports-7.28.6.tgz 0ms (cache hit)
495 http cache @babel/helper-compilation-targets@https://registry.npmjs.org/@babel/helper-compilation-targets/-/helper-compilation-targets-7.28.6.tgz 0ms (cache hit)
496 http cache @babel/core@https://registry.npmjs.org/@babel/core/-/core-7.29.0.tgz 1ms (cache hit)
497 http cache @babel/generator@https://registry.npmjs.org/@babel/generator/-/generator-7.29.1.tgz 0ms (cache hit)
498 http cache @alloc/quick-lru@https://registry.npmjs.org/@alloc/quick-lru/-/quick-lru-5.2.0.tgz 0ms (cache hit)
499 http cache fdir@https://registry.npmjs.org/fdir/-/fdir-6.5.0.tgz 0ms (cache hit)
500 http cache @babel/compat-data@https://registry.npmjs.org/@babel/compat-data/-/compat-data-7.29.0.tgz 0ms (cache hit)
501 http cache @babel/parser@https://registry.npmjs.org/@babel/parser/-/parser-7.29.0.tgz 0ms (cache hit)
502 http cache picomatch@https://registry.npmjs.org/picomatch/-/picomatch-4.0.3.tgz 0ms (cache hit)
503 http cache json5@https://registry.npmjs.org/json5/-/json5-1.0.2.tgz 0ms (cache hit)
504 http cache postcss@https://registry.npmjs.org/postcss/-/postcss-8.4.31.tgz 0ms (cache hit)
505 http cache semver@https://registry.npmjs.org/semver/-/semver-7.7.4.tgz 0ms (cache hit)
506 http cache glob-parent@https://registry.npmjs.org/glob-parent/-/glob-parent-5.1.2.tgz 0ms (cache hit)
507 http cache resolve@https://registry.npmjs.org/resolve/-/resolve-2.0.0-next.6.tgz 0ms (cache hit)
508 http cache semver@https://registry.npmjs.org/semver/-/semver-7.7.4.tgz 0ms (cache hit)
509 http cache @babel/code-frame@https://registry.npmjs.org/@babel/code-frame/-/code-frame-7.29.0.tgz 0ms (cache hit)
510 http cache debug@https://registry.npmjs.org/debug/-/debug-3.2.7.tgz 0ms (cache hit)
511 http cache eslint-visitor-keys@https://registry.npmjs.org/eslint-visitor-keys/-/eslint-visitor-keys-5.0.1.tgz 0ms (cache hit)
512 http cache globals@https://registry.npmjs.org/globals/-/globals-16.4.0.tgz 0ms (cache hit)
513 http cache debug@https://registry.npmjs.org/debug/-/debug-3.2.7.tgz 0ms (cache hit)
514 http cache semver@https://registry.npmjs.org/semver/-/semver-7.7.4.tgz 0ms (cache hit)
515 http cache debug@https://registry.npmjs.org/debug/-/debug-3.2.7.tgz 0ms (cache hit)
516 http cache eslint-visitor-keys@https://registry.npmjs.org/eslint-visitor-keys/-/eslint-visitor-keys-3.4.3.tgz 0ms (cache hit)
517 http cache minimatch@https://registry.npmjs.org/minimatch/-/minimatch-9.0.6.tgz 0ms (cache hit)
518 http cache brace-expansion@https://registry.npmjs.org/brace-expansion/-/brace-expansion-5.0.3.tgz 0ms (cache hit)
519 http cache balanced-match@https://registry.npmjs.org/balanced-match/-/balanced-match-4.0.4.tgz 0ms (cache hit)
520 http cache ignore@https://registry.npmjs.org/ignore/-/ignore-7.0.5.tgz 0ms (cache hit)
521 info run sharp@0.34.5 install node_modules/sharp node install/check.js || npm run build
522 info run sharp@0.34.5 install { code: 'EPERM', signal: undefined }
523 verbose reify failed optional dependency C:\Users\Ashwin\Downloads\softclinch_website--main (2)\softclinch_website--main\node_modules\sharp
524 silly reify mark deleted [
524 silly reify   'C:\\Users\\Ashwin\\Downloads\\softclinch_website--main (2)\\softclinch_website--main\\node_modules\\sharp'
524 silly reify ]
525 verbose reify failed optional dependency C:\Users\Ashwin\Downloads\softclinch_website--main (2)\softclinch_website--main\node_modules\@img\colour
526 silly reify mark deleted [
526 silly reify   'C:\\Users\\Ashwin\\Downloads\\softclinch_website--main (2)\\softclinch_website--main\\node_modules\\@img\\colour'
526 silly reify ]
527 verbose reify failed optional dependency C:\Users\Ashwin\Downloads\softclinch_website--main (2)\softclinch_website--main\node_modules\sharp\node_modules\semver
528 silly reify mark deleted [
528 silly reify   'C:\\Users\\Ashwin\\Downloads\\softclinch_website--main (2)\\softclinch_website--main\\node_modules\\sharp\\node_modules\\semver',
528 silly reify   'C:\\Users\\Ashwin\\Downloads\\softclinch_website--main (2)\\softclinch_website--main\\node_modules\\sharp\\node_modules\\.bin\\semver',
528 silly reify   'C:\\Users\\Ashwin\\Downloads\\softclinch_website--main (2)\\softclinch_website--main\\node_modules\\sharp\\node_modules\\.bin\\semver.cmd',
528 silly reify   'C:\\Users\\Ashwin\\Downloads\\softclinch_website--main (2)\\softclinch_website--main\\node_modules\\sharp\\node_modules\\.bin\\semver.ps1'
528 silly reify ]
529 info run unrs-resolver@1.11.1 postinstall node_modules/unrs-resolver napi-postinstall unrs-resolver 1.11.1 check
530 info run unrs-resolver@1.11.1 postinstall { code: 'EPERM', signal: undefined }
531 warn cleanup Failed to remove some directories [
531 warn cleanup   [
531 warn cleanup     '\\\\?\\C:\\Users\\Ashwin\\Downloads\\softclinch_website--main (2)\\softclinch_website--main\\node_modules\\call-bound',
531 warn cleanup     [Error: EBUSY: resource busy or locked, rmdir 'C:\Users\Ashwin\Downloads\softclinch_website--main (2)\softclinch_website--main\node_modules\call-bound'] {
531 warn cleanup       errno: -4082,
531 warn cleanup       code: 'EBUSY',
531 warn cleanup       syscall: 'rmdir',
531 warn cleanup       path: 'C:\\Users\\Ashwin\\Downloads\\softclinch_website--main (2)\\softclinch_website--main\\node_modules\\call-bound'
531 warn cleanup     }
531 warn cleanup   ],
531 warn cleanup   [
531 warn cleanup     '\\\\?\\C:\\Users\\Ashwin\\Downloads\\softclinch_website--main (2)\\softclinch_website--main\\node_modules\\@typescript-eslint\\eslint-plugin',
531 warn cleanup     [Error: EPERM: operation not permitted, rmdir 'C:\Users\Ashwin\Downloads\softclinch_website--main (2)\softclinch_website--main\node_modules\@typescript-eslint\eslint-plugin\dist\util'] {
531 warn cleanup       errno: -4048,
531 warn cleanup       code: 'EPERM',
531 warn cleanup       syscall: 'rmdir',
531 warn cleanup       path: 'C:\\Users\\Ashwin\\Downloads\\softclinch_website--main (2)\\softclinch_website--main\\node_modules\\@typescript-eslint\\eslint-plugin\\dist\\util'
531 warn cleanup     }
531 warn cleanup   ],
531 warn cleanup   [
531 warn cleanup     '\\\\?\\C:\\Users\\Ashwin\\Downloads\\softclinch_website--main (2)\\softclinch_website--main\\node_modules',
531 warn cleanup     [Error: EPERM: operation not permitted, rmdir 'C:\Users\Ashwin\Downloads\softclinch_website--main (2)\softclinch_website--main\node_modules\next\dist\server\app-render'] {
531 warn cleanup       errno: -4048,
531 warn cleanup       code: 'EPERM',
531 warn cleanup       syscall: 'rmdir',
531 warn cleanup       path: 'C:\\Users\\Ashwin\\Downloads\\softclinch_website--main (2)\\softclinch_website--main\\node_modules\\next\\dist\\server\\app-render'
531 warn cleanup     }
531 warn cleanup   ],
531 warn cleanup   [
531 warn cleanup     '\\\\?\\C:\\Users\\Ashwin\\Downloads\\softclinch_website--main (2)\\softclinch_website--main\\node_modules\\next',
531 warn cleanup     [Error: EPERM: operation not permitted, rmdir 'C:\Users\Ashwin\Downloads\softclinch_website--main (2)\softclinch_website--main\node_modules\next\dist\client\components'] {
531 warn cleanup       errno: -4048,
531 warn cleanup       code: 'EPERM',
531 warn cleanup       syscall: 'rmdir',
531 warn cleanup       path: 'C:\\Users\\Ashwin\\Downloads\\softclinch_website--main (2)\\softclinch_website--main\\node_modules\\next\\dist\\client\\components'
531 warn cleanup     }
531 warn cleanup   ]
531 warn cleanup ]
532 verbose stack Error: spawn EPERM
532 verbose stack     at ChildProcess.spawn (node:internal/child_process:420:11)
532 verbose stack     at spawn (node:child_process:786:9)
532 verbose stack     at promiseSpawn (C:\Program Files\nodejs\node_modules\npm\node_modules\@npmcli\promise-spawn\lib\index.js:39:16)
532 verbose stack     at spawnWithShell (C:\Program Files\nodejs\node_modules\npm\node_modules\@npmcli\promise-spawn\lib\index.js:124:10)
532 verbose stack     at promiseSpawn (C:\Program Files\nodejs\node_modules\npm\node_modules\@npmcli\promise-spawn\lib\index.js:12:12)
532 verbose stack     at runScriptPkg (C:\Program Files\nodejs\node_modules\npm\node_modules\@npmcli\run-script\lib\run-script-pkg.js:79:13)
532 verbose stack     at runScript (C:\Program Files\nodejs\node_modules\npm\node_modules\@npmcli\run-script\lib\run-script.js:9:12)
532 verbose stack     at C:\Program Files\nodejs\node_modules\npm\node_modules\@npmcli\arborist\lib\arborist\rebuild.js:329:17
532 verbose stack     at run (C:\Program Files\nodejs\node_modules\npm\node_modules\promise-call-limit\dist\commonjs\index.js:67:22)
532 verbose stack     at C:\Program Files\nodejs\node_modules\npm\node_modules\promise-call-limit\dist\commonjs\index.js:84:9
533 error code EPERM
534 error syscall spawn
535 error errno -4048
536 error Error: spawn EPERM
536 error     at ChildProcess.spawn (node:internal/child_process:420:11)
536 error     at spawn (node:child_process:786:9)
536 error     at promiseSpawn (C:\Program Files\nodejs\node_modules\npm\node_modules\@npmcli\promise-spawn\lib\index.js:39:16)
536 error     at spawnWithShell (C:\Program Files\nodejs\node_modules\npm\node_modules\@npmcli\promise-spawn\lib\index.js:124:10)
536 error     at promiseSpawn (C:\Program Files\nodejs\node_modules\npm\node_modules\@npmcli\promise-spawn\lib\index.js:12:12)
536 error     at runScriptPkg (C:\Program Files\nodejs\node_modules\npm\node_modules\@npmcli\run-script\lib\run-script-pkg.js:79:13)
536 error     at runScript (C:\Program Files\nodejs\node_modules\npm\node_modules\@npmcli\run-script\lib\run-script.js:9:12)
536 error     at C:\Program Files\nodejs\node_modules\npm\node_modules\@npmcli\arborist\lib\arborist\rebuild.js:329:17
536 error     at run (C:\Program Files\nodejs\node_modules\npm\node_modules\promise-call-limit\dist\commonjs\index.js:67:22)
536 error     at C:\Program Files\nodejs\node_modules\npm\node_modules\promise-call-limit\dist\commonjs\index.js:84:9 {
536 error   errno: -4048,
536 error   code: 'EPERM',
536 error   syscall: 'spawn'
536 error }
537 error
537 error The operation was rejected by your operating system.
537 error It's possible that the file was already in use (by a text editor or antivirus),
537 error or that you lack permissions to access it.
537 error
537 error If you believe this might be a permissions issue, please double-check the
537 error permissions of the file and its containing directories, or try running
537 error the command again as root/Administrator.
538 silly unfinished npm timer reify 1775021435662
539 silly unfinished npm timer reify:build 1775021509736
540 silly unfinished npm timer build 1775021509742
541 silly unfinished npm timer build:deps 1775021509744
542 silly unfinished npm timer build:run:postinstall 1775021510195
543 silly unfinished npm timer build:run:postinstall:node_modules/unrs-resolver 1775021510195
544 verbose cwd C:\Users\Ashwin\Downloads\softclinch_website--main (2)\softclinch_website--main
545 verbose os Windows_NT 10.0.26200
546 verbose node v22.18.0
547 verbose npm  v10.9.3
548 verbose exit -4048
549 verbose code -4048
550 error A complete log of this run can be found in: C:\Users\Ashwin\Downloads\softclinch_website--main (2)\softclinch_website--main\.npm-cache\_logs\2026-04-01T05_30_31_203Z-debug-0.log
